// Jest Snapshot v1, https://goo.gl/fbAQLP

exports[`createOrg.vue should be rendered properly 1`] = `
<containercondensed-stub class="weni-create-org">
  <unnnicindicator-stub numberofsteps="3" titles="some specific text,some specific text,some specific text" currentstep="1" class="weni-create-org__indicator"></unnnicindicator-stub>
  <div class="weni-create-org__section">
    <div class="title">
      some specific text
    </div>
    <div>
      <unnnicinput-stub placeholder="some specific text" type="normal" nativetype="text" label="some specific text" size="md" mask="" class="weni-create-org__name-input"></unnnicinput-stub>
      <unnnicinput-stub placeholder="some specific text" type="normal" nativetype="text" label="some specific text" size="md" mask=""></unnnicinput-stub>
    </div>
    <div class="weni-create-org__group weni-create-org__group__buttons">
      <unnnicbutton-stub size="large" type="tertiary">
        some specific text
      </unnnicbutton-stub>
      <unnnicbutton-stub size="large" type="secondary" disabled="true">
        some specific text
      </unnnicbutton-stub>
    </div>
  </div>
  <div class="weni-create-org__section" style="display: none;">
    <div class="title">
      some specific text
    </div>
    <div class="subtitle">some specific text</div>
    <usermanagement-stub type="manage" users="[object Object]" donotfetch="true" cannotdeletemyuser="true" offline="true" org="[object Object]" alreadyaddedtext="some specific text" style="display: flex; flex-direction: column;"></usermanagement-stub>
    <div class="weni-create-org__group weni-create-org__group__buttons">
      <unnnicbutton-stub size="large" type="tertiary">
        some specific text
      </unnnicbutton-stub>
      <unnnicbutton-stub size="large" type="secondary">
        some specific text
      </unnnicbutton-stub>
    </div>
  </div>
  <div class="weni-create-org__section" style="display: none;">
    <div class="title">
      some specific text
    </div>
    <div class="creating-project">
      <unnnicinputnext-stub label="some specific text" size="md" type="normal" nativetype="text" placeholder="some specific text"></unnnicinputnext-stub>
      <projectdescriptiontextarea-stub value="" infomaxwidth="21.125rem" class="mt-sm"></projectdescriptiontextarea-stub>
      <unnnicselectsmart-stub options="[object Object],[object Object]" value="[object Object]" size="md" type="normal" multiplewithoutselectsmessage=""></unnnicselectsmart-stub>
      <projectformatcontrol-stub setup="[object Object]"></projectformatcontrol-stub>
    </div>
    <div class="weni-create-org__group weni-create-org__group__buttons">
      <unnnicbutton-stub size="large" type="tertiary">
        some specific text
      </unnnicbutton-stub>
      <unnnicbutton-stub size="large" type="secondary" disabled="true">
        some specific text
      </unnnicbutton-stub>
    </div>
  </div>
  <div class="success-page" style="display: none;">
    <div class="title">
      some specific text
      😉
    </div>
    <div class="buttons">
      <unnnicbutton-stub size="large" type="tertiary">
        some specific text
      </unnnicbutton-stub>
      <unnnicbutton-stub size="large" type="secondary">
        some specific text
      </unnnicbutton-stub>
    </div>
  </div>
</containercondensed-stub>
`;
