// Jest Snapshot v1, https://goo.gl/fbAQLP

exports[`orgs.vue should be rendered properly 1`] = `
<div class="weni-orgs">
  <div class="unnnic-grid-lg">
    <div class="weni-orgs__left unnnic-grid-span-5">
      <div class="box aux-blue weni-orgs__left__icon">
        <unnniciconsvg-stub icon="building-2-1" size="xl" scheme="aux-blue"></unnniciconsvg-stub>
      </div>
      <h1>some specific text</h1>
      <p>
        some specific text
      </p> <a>
        <unnnicbutton-stub size="large" type="secondary" iconleft="add-1">
          some specific text
        </unnnicbutton-stub>
      </a>
    </div>
    <div class="unnnic-grid-span-2"></div>
    <div class="unnnic-grid-span-5 weni-orgs__right">
      <div class="weni-orgs__list">
        <div class="weni-org-list__wrapper list-container">
          <div class="weni-org-list">
            <new-infinite-loading-stub>
              <div style="display: flex;">
                <div style="flex: 1; margin-right: 1rem;">
                  <unnnic-skeleton-loading-stub prefix="unnnic" count="1" duration="1.5" tag="div" width="100%" height="32px"></unnnic-skeleton-loading-stub>
                  <unnnic-skeleton-loading-stub prefix="unnnic" count="1" duration="1.5" tag="div" width="100%" height="19px"></unnnic-skeleton-loading-stub>
                  <unnnic-skeleton-loading-stub prefix="unnnic" count="1" duration="1.5" tag="div" width="100%" height="19px" style="margin-bottom: 1rem;"></unnnic-skeleton-loading-stub>
                  <div style="display: flex;">
                    <unnnic-skeleton-loading-stub prefix="unnnic" count="1" duration="1.5" tag="div" width="64px" height="24px" style="margin-right: 0.5rem;"></unnnic-skeleton-loading-stub>
                    <unnnic-skeleton-loading-stub prefix="unnnic" count="1" duration="1.5" tag="div" width="211px" height="24px"></unnnic-skeleton-loading-stub>
                  </div>
                </div>
                <div style="display: flex; align-items: center;">
                  <unnnic-skeleton-loading-stub prefix="unnnic" count="1" duration="1.5" tag="div" width="73px" height="38px" style="margin-right: 0.5rem;"></unnnic-skeleton-loading-stub>
                  <unnnic-skeleton-loading-stub prefix="unnnic" count="1" duration="1.5" tag="div" width="17px" height="38px"></unnnic-skeleton-loading-stub>
                </div>
              </div>
            </new-infinite-loading-stub>
          </div>
          <right-side-bar-stub type="change-name" props="[object Object]"></right-side-bar-stub>
          <right-side-bar-stub type="view-members" props="[object Object]"></right-side-bar-stub>
          <right-side-bar-stub type="manage-members" props="[object Object]"></right-side-bar-stub>
        </div>
      </div>
    </div>
  </div>
  <skeletonloading-stub style="display: none;"></skeletonloading-stub>
</div>
`;
