// Vitest Snapshot v1, https://vitest.dev/guide/snapshot.html

exports[`orgs.vue > should be rendered properly 1`] = `
<div
  class="weni-orgs status-complete"
  data-v-04c76209=""
>
  <div
    data-v-04c76209=""
  >
    <div
      class="weni-orgs__left"
      data-v-04c76209=""
    >
      <div
        class="page-header"
        data-v-04c76209=""
      >
        <!--v-if-->
        <div
          data-v-04c76209=""
        >
          <h1
            data-v-04c76209=""
          >
            Your organizations
          </h1>
          <p
            data-v-04c76209=""
          >
            Listed below are the organizations you belong to. Choose or create a new one to access the platform.
          </p>
        </div>
        <a
          data-v-04c76209=""
        >
          <unnnic-button-stub
            class="create-org-button"
            data-v-04c76209=""
            iconleft="add-1"
            type="primary"
          />
        </a>
      </div>
    </div>
    
    <hr
      data-v-04c76209=""
    />
    <div
      class="unnnic-grid-span-5 weni-orgs__right"
      data-v-04c76209=""
    >
      <div
        class="weni-orgs__list"
        data-v-04c76209=""
      >
        <div
          class="filters"
          data-v-04c76209=""
        >
          <unnnic-input-stub
            data-v-04c76209=""
            iconleft="search-1"
            modelvalue=""
            placeholder="Search"
            size="md"
          />
          <list-ordinator-stub
            data-v-04c76209=""
            ordinators="alphabetical,newer,older"
          />
        </div>
        <div
          class="weni-org-list__wrapper list-container"
          data-v-04c76209=""
          data-v-f419c7e3=""
        >
          <div
            class="weni-org-list"
            data-v-f419c7e3=""
          >
            
            <org-card-stub
              data-v-f419c7e3=""
              description="Description Lorem ipsum"
              name="Name Lorem ipsum"
              plan="trial"
            />
            
            <new-infinite-loading-stub
              complete="true"
              data-v-f419c7e3=""
              modelvalue="false"
              value="false"
            />
          </div>
        </div>
      </div>
    </div>
    
  </div>
</div>
`;
