// Vitest Snapshot v1, https://vitest.dev/guide/snapshot.html

exports[`help.vue > should be rendered properly 1`] = `
<div
  class="help-container"
  data-v-7f8a6a5c=""
>
  <div
    class="header"
    data-v-7f8a6a5c=""
  >
    <div
      class="title"
      data-v-7f8a6a5c=""
    >
      some specific text
    </div>
    <div
      class="description"
      data-v-7f8a6a5c=""
    >
      <span
        data-v-7f8a6a5c=""
      >
        some specific text
      </span>
      <img
        data-v-736c95e5=""
        data-v-7f8a6a5c=""
        src="/src/assets/emoji/u1F609.png"
        title="Winking Face"
      />
    </div>
  </div>
  <div
    class="content"
    data-v-7f8a6a5c=""
  >
    <div
      data-v-7f8a6a5c=""
      style="height: 0px;"
    >
      <unnnicaccordion
        class="question"
        data-v-7f8a6a5c=""
        title="some specific text"
      >
        <!---->
        <dynamic-stub
          data-v-7f8a6a5c=""
          template="<span>some specific text</span>"
        />
      </unnnicaccordion>
      <unnnicaccordion
        class="question"
        data-v-7f8a6a5c=""
        title="some specific text"
      >
        <unnnicbutton
          data-v-7f8a6a5c=""
          iconleft="button-play-1"
          size="small"
          slot="actions"
          type="secondary"
        >
           some specific text 
        </unnnicbutton>
        <dynamic-stub
          data-v-7f8a6a5c=""
          template="<span>some specific text</span>"
        />
      </unnnicaccordion>
      <unnnicaccordion
        class="question"
        data-v-7f8a6a5c=""
        title="some specific text"
      >
        <unnnicbutton
          data-v-7f8a6a5c=""
          iconleft="button-play-1"
          size="small"
          slot="actions"
          type="secondary"
        >
           some specific text 
        </unnnicbutton>
        <dynamic-stub
          data-v-7f8a6a5c=""
          template="<span>some specific text</span>"
        />
      </unnnicaccordion>
      <unnnicaccordion
        class="question"
        data-v-7f8a6a5c=""
        title="some specific text"
      >
        <!---->
        <dynamic-stub
          data-v-7f8a6a5c=""
          template="<span>some specific text</span>"
        />
      </unnnicaccordion>
      <unnnicaccordion
        class="question"
        data-v-7f8a6a5c=""
        title="some specific text"
      >
        <unnnicbutton
          data-v-7f8a6a5c=""
          iconleft="button-play-1"
          size="small"
          slot="actions"
          type="secondary"
        >
           some specific text 
        </unnnicbutton>
        <dynamic-stub
          data-v-7f8a6a5c=""
          template="<span>some specific text</span>"
        />
      </unnnicaccordion>
      <unnnicaccordion
        class="question"
        data-v-7f8a6a5c=""
        title="some specific text"
      >
        <unnnicbutton
          data-v-7f8a6a5c=""
          iconleft="button-play-1"
          size="small"
          slot="actions"
          type="secondary"
        >
           some specific text 
        </unnnicbutton>
        <dynamic-stub
          data-v-7f8a6a5c=""
          template="<span>some specific text</span>"
        />
      </unnnicaccordion>
      <unnnicaccordion
        class="question"
        data-v-7f8a6a5c=""
        title="some specific text"
      >
        <!---->
        <dynamic-stub
          data-v-7f8a6a5c=""
          template="<span>some specific text</span>"
        />
      </unnnicaccordion>
      <unnnicaccordion
        class="question"
        data-v-7f8a6a5c=""
        title="some specific text"
      >
        <!---->
        <dynamic-stub
          data-v-7f8a6a5c=""
          template="<span>some specific text</span>"
        />
      </unnnicaccordion>
      <unnnicaccordion
        class="question"
        data-v-7f8a6a5c=""
        title="some specific text"
      >
        <unnnicbutton
          data-v-7f8a6a5c=""
          iconleft="button-play-1"
          size="small"
          slot="actions"
          type="secondary"
        >
           some specific text 
        </unnnicbutton>
        <dynamic-stub
          data-v-7f8a6a5c=""
          template="<span>some specific text</span>"
        />
      </unnnicaccordion>
      <unnnicaccordion
        class="question"
        data-v-7f8a6a5c=""
        title="some specific text"
      >
        <!---->
        <dynamic-stub
          data-v-7f8a6a5c=""
          template="<span>some specific text</span>"
        />
      </unnnicaccordion>
    </div>
  </div>
</div>
`;
