// Vitest Snapshot v1, https://vitest.dev/guide/snapshot.html

exports[`help.vue > should be rendered properly 1`] = `
<div
  class="help-container"
  data-v-7f8a6a5c=""
>
  <div
    class="header"
    data-v-7f8a6a5c=""
  >
    <div
      class="title"
      data-v-7f8a6a5c=""
    >
      Frequently Asked Questions
    </div>
    <div
      class="description"
      data-v-7f8a6a5c=""
    >
      <span
        data-v-7f8a6a5c=""
      >
        Your questions were not addressed in the questions below? Please contact our support via phone number 
        <b>
          + 55 (82) 3022-5978
        </b>
         or the site 
        <a
          href="https://atendimento.weni.ai"
          target="_blank"
        >
          atendimento.weni.ai
        </a>
      </span>
      <emoji-stub
        data-v-7f8a6a5c=""
        name="Winking Face"
      />
    </div>
  </div>
  <div
    class="content"
    data-v-7f8a6a5c=""
  >
    <div
      data-v-7f8a6a5c=""
      style="height: 0px;"
    >
      
      <unnnic-accordion-stub
        class="question"
        data-v-7f8a6a5c=""
        open="false"
        title="Will there be any changes to the plan I hired? Will the values ​​remain the same?"
      />
      <unnnic-accordion-stub
        class="question"
        data-v-7f8a6a5c=""
        open="false"
        title="Have Push and BotHub systems changed their names?"
      />
      <unnnic-accordion-stub
        class="question"
        data-v-7f8a6a5c=""
        open="false"
        title="How do I access the new Push and BotHub?"
      />
      <unnnic-accordion-stub
        class="question"
        data-v-7f8a6a5c=""
        title="Will my chatbot be impacted by this change?"
      />
      <unnnic-accordion-stub
        class="question"
        data-v-7f8a6a5c=""
        open="false"
        title="Will any functionality change?"
      />
      <unnnic-accordion-stub
        class="question"
        data-v-7f8a6a5c=""
        open="false"
        title="What will I find of new benefits on the Weni Platform?"
      />
      <unnnic-accordion-stub
        class="question"
        data-v-7f8a6a5c=""
        open="false"
        title="Is it possible to lose some data from my chatbot?"
      />
      <unnnic-accordion-stub
        class="question"
        data-v-7f8a6a5c=""
        open="false"
        title="Will my API integrations be affected?"
      />
      <unnnic-accordion-stub
        class="question"
        data-v-7f8a6a5c=""
        open="false"
        title="Do my permissions remain the same?"
      />
      <unnnic-accordion-stub
        class="question"
        data-v-7f8a6a5c=""
        open="false"
        title="If I have a problem with the platform or have any questions, how and to whom do I request help?"
      />
      
    </div>
  </div>
</div>
`;
