// Jest Snapshot v1, https://goo.gl/fbAQLP

exports[`home.vue should be rendered properly 1`] = `
<div class="weni-home">
  <div class="weni-home__content unnnic-grid-giant">
    <flow-editor-invitation-stub class="weni-home__welcome"></flow-editor-invitation-stub>
    <project-home-blank-champion-chatbot-stub class="champion-chatbot"></project-home-blank-champion-chatbot-stub>
    <div class="get-started" style="display: flex; min-height: 100%; flex-direction: column; row-gap: 24px;">
      <unnnic-card-stub type="title" title="some specific text" info="some specific text" percent="0" rating="0" enabled="true" icon="check_circle" infoposition="bottom" hasinformationicon="true" scheme="aux-purple" buttonaction="[Function]"></unnnic-card-stub>
      <div class="dashboard-tutorial-slide-container" style="flex: 1;">
        <dashboard-tutorial-blank-slide-stub></dashboard-tutorial-blank-slide-stub>
      </div>
    </div>
    <project-home-blank-quick-access-stub class="quick-access"></project-home-blank-quick-access-stub>
  </div>
  <div style="display: none;">
    <skeleton-loading-stub></skeleton-loading-stub>
  </div>
</div>
`;
