// Vitest Snapshot v1, https://vitest.dev/guide/snapshot.html

exports[`AppGrid.vue > should be rendered properly 1`] = `
<div
  class="screen"
  data-v-b82abfdb=""
>
  <div
    class="container"
    data-v-b82abfdb=""
  >
    <div
      class="unnnic-grid-lg"
      data-v-b82abfdb=""
    >
      <div
        class="content"
        data-v-b82abfdb=""
      />
    </div>
  </div>
</div>
`;
