// Jest Snapshot v1, https://goo.gl/fbAQLP

exports[`Projects.vue should be rendered properly 1`] = `
<div class="weni-projects">
  <div class="container">
    <div class="unnnic-grid-span-12 content">
      <div class="header">
        <div class="unnnic-grid-lg">
          <div class="unnnic-grid-span-6 title-container">
            <div class="title">
              some specific text
            </div>
          </div>
          <div class="unnnic-grid-span-6 subtitle-container">
            <div class="subtitle">
              some specific text
            </div>
          </div>
          <div class="unnnic-grid-span-3 admin-buttons-container">
            <!---->
            <!---->
            <!---->
          </div>
        </div>
        <div></div>
      </div>
      <div class="line"></div>
      <list-ordinator-stub ordinators="lastAccess,alphabetical,newer,older" value="lastAccess" class="order"></list-ordinator-stub>
      <div class="projects-list-container">
        <div class="projects-list" style="padding-right: 15px;">
          <projectlist-stub org="123" order="lastAccess"></projectlist-stub>
        </div>
      </div>
    </div>
    <div class="unnnic-grid-span-12 content" style="display: none;">
      <projectloading-stub></projectloading-stub>
    </div>
  </div>
</div>
`;
