// Jest Snapshot v1, https://goo.gl/fbAQLP

exports[`ProjectCreate.vue renders a snapshot 1`] = `
<containercondensed-stub>
  <header>
    <h6 class="u color-neutral-darkest">
      some specific text
    </h6>
    <div class="u font secondary body-lg color-neutral-cloudy">
      some specific text
    </div>
  </header>
  <unnnicinputnext-stub label="some specific text" placeholder="some specific text"></unnnicinputnext-stub>
  <descriptiontextarea-stub value="" infomaxwidth="21.125rem" class="mt-sm"></descriptiontextarea-stub>
  <unnnicformelement label="some specific text">
    <unnnicselectsmart value="[object Object]" options="[object Object],[object Object]" autocomplete="" autocompleteclearonfocus=""></unnnicselectsmart>
  </unnnicformelement>
  <projectformatcontrol-stub setup="[object Object]"></projectformatcontrol-stub>
  <div class="weni-create-org__group weni-create-org__group__buttons">
    <unnnicbutton-stub type="tertiary">
      some specific text
    </unnnicbutton-stub>
    <unnnicbutton-stub type="secondary">
      some specific text
    </unnnicbutton-stub>
  </div>
</containercondensed-stub>
`;
