// Vitest Snapshot v1, https://vitest.dev/guide/snapshot.html

exports[`orgList.vue > should be rendered properly 1`] = `
<div
  class="weni-org-list__wrapper"
  data-v-f419c7e3=""
>
  <div
    class="weni-org-list"
    data-v-f419c7e3=""
  >
    
    <org-card-stub
      data-v-f419c7e3=""
      description="Description Lorem ipsum"
      name="Name Lorem ipsum"
      plan="trial"
    />
    
    <new-infinite-loading-stub
      complete="false"
      data-v-f419c7e3=""
      modelvalue="false"
      value="false"
    />
  </div>
</div>
`;
