// Vitest Snapshot v1, https://vitest.dev/guide/snapshot.html

exports[`orgList.vue > should be rendered properly 1`] = `
<div
  class="weni-org-list__wrapper"
  data-v-f419c7e3=""
>
  <div
    class="weni-org-list"
    data-v-f419c7e3=""
  >
    <orgcard-stub
      data-v-f419c7e3=""
      description="Description Lorem ipsum"
      name="Name Lorem ipsum"
      plan="trial"
    />
    <newinfiniteloading-stub
      data-v-f419c7e3=""
    >
      <div
        data-v-f419c7e3=""
        style="display: flex;"
      >
        <div
          data-v-f419c7e3=""
          style="flex: 1; margin-right: 1rem;"
        >
          <unnnicskeletonloading-stub
            data-v-f419c7e3=""
            height="32px"
            tag="div"
            width="100%"
          />
          <unnnicskeletonloading-stub
            data-v-f419c7e3=""
            height="19px"
            tag="div"
            width="100%"
          />
          <unnnicskeletonloading-stub
            data-v-f419c7e3=""
            height="19px"
            style="margin-bottom: 1rem;"
            tag="div"
            width="100%"
          />
          <div
            data-v-f419c7e3=""
            style="display: flex;"
          >
            <unnnicskeletonloading-stub
              data-v-f419c7e3=""
              height="24px"
              style="margin-right: 0.5rem;"
              tag="div"
              width="64px"
            />
            <unnnicskeletonloading-stub
              data-v-f419c7e3=""
              height="24px"
              tag="div"
              width="211px"
            />
          </div>
        </div>
        <div
          data-v-f419c7e3=""
          style="display: flex; align-items: center;"
        >
          <unnnicskeletonloading-stub
            data-v-f419c7e3=""
            height="38px"
            style="margin-right: 0.5rem;"
            tag="div"
            width="73px"
          />
          <unnnicskeletonloading-stub
            data-v-f419c7e3=""
            height="38px"
            tag="div"
            width="17px"
          />
        </div>
      </div>
    </newinfiniteloading-stub>
  </div>
</div>
`;
