// Vitest Snapshot v1, https://vitest.dev/guide/snapshot.html

exports[`orgPermissions.vue > renders a snapshot 1`] = `
<div
  class="weni-org-permissions"
  data-v-0e361932=""
>
  <div
    data-v-0e361932=""
    data-v-3d9494b9=""
    style="display: flex; flex-direction: column; flex: 1 1 0%;"
  >
    <div
      class="group"
      data-v-3d9494b9=""
    >
      
      <unnnic-input-next-stub
        data-v-3d9494b9=""
        disabled="false"
        error="false"
        label="Add or search for a member"
        modelvalue=""
        placeholder="Enter an email to invite"
      />
      <div
        class="multiSelect"
        data-v-3d9494b9=""
      >
        <org-user-role-select-stub
          class=""
          data-v-3d9494b9=""
          disabled="false"
          modelvalue="3"
          type="input"
        />
      </div>
      <unnnic-button-stub
        class=""
        data-v-3d9494b9=""
        disabled="true"
        size="large"
        style="flex: 1 1 0%; min-width: 8rem;"
        type="primary"
      />
      
    </div>
    <div
      class="users"
      data-v-3d9494b9=""
    >
      
      
      <infinite-loading-stub
        data-v-3d9494b9=""
        empty="false"
        hideerrorslot="false"
        loadingicon="false"
      />
    </div>
  </div>
</div>
`;
