// Jest Snapshot v1, https://goo.gl/fbAQLP

exports[`orgPermissionsRead.vue renders a snapshot 1`] = `
<div class="weni-org-permissions">
  <div class="weni-org-permissions__field">
    <searchuser-stub label="some specific text" placeholder="some specific text" class="weni-org-permissions__input"></searchuser-stub>
  </div>
  <div class="weni-org-permissions__list">
    <infiniteloading-stub></infiniteloading-stub>
  </div>
</div>
`;
