// Vitest Snapshot v1, https://vitest.dev/guide/snapshot.html

exports[`OrgRole.vue > renders a snapshot 1`] = `
<div
  class="weni-org-role"
  data-v-3b68bd05=""
>
  <div
    data-v-3b68bd05=""
  >
    <avatar-stub
      data-v-3b68bd05=""
      size="sm"
    />
    <div
      class="weni-org-role__info"
      data-v-3b68bd05=""
    >
      <p
        class="weni-org-role__info__name"
        data-v-3b68bd05=""
      />
      <p
        class="weni-org-role__info__email"
        data-v-3b68bd05=""
      />
    </div>
  </div>
  <div
    class="weni-org-role__role"
    data-v-3b68bd05=""
  >
    <!--v-if-->
    <org-user-role-select-stub
      data-v-3b68bd05=""
      disabled="false"
      modelvalue=""
      type="button"
    />
    <!--v-if-->
  </div>
</div>
`;
