// Vitest Snapshot v1, https://vitest.dev/guide/snapshot.html

exports[`growth.vue > renders a snapshot 1`] = `
<div
  class="weni-growth"
>
  
  <unnnic-card-stub
    icon="messages-bubble-1"
    modelvalue="75167071"
    percent="34097"
    scheme="aux-blue"
    title="Sent messages"
    type="dash"
  />
  <unnnic-card-stub
    icon="account_tree"
    modelvalue="16587"
    percent="861"
    scheme="aux-pink"
    title="Flows created"
    type="dash"
  />
  <unnnic-card-stub
    icon="chat-translate-1"
    modelvalue="184"
    percent="0"
    scheme="aux-purple"
    title="Languages supported"
    type="dash"
  />
  <unnnic-card-stub
    icon="chat-translate-1"
    modelvalue="5461975"
    percent="46223"
    scheme="aux-lemon"
    title="People reached"
    type="dash"
  />
  
</div>
`;
