// Vitest Snapshot v1, https://vitest.dev/guide/snapshot.html

exports[`newsletter.vue > renders a snapshot 1`] = `
<div
  class="weni-newsletter"
  data-v-8af4c940=""
>
  <div
    class="weni-newsletter__content"
    data-v-8af4c940=""
  >
    
    
  </div>
  <div
    class="weni-newsletter__load-more unnnic--clickable"
    data-v-8af4c940=""
  >
    <span
      data-v-8af4c940=""
    >
       ＋ Show more
    </span>
  </div>
</div>
`;
