// Vitest Snapshot v1, https://vitest.dev/guide/snapshot.html

exports[`ProjectListItem.vue > renders a snapshot 1`] = `
<div
  class="weni-project-list-item"
  data-v-77d2ab83=""
  owner="pwmer"
>
  <unnnic-card-project-stub
    canupdatestatus="true"
    clickable=""
    data-v-77d2ab83=""
    name="name"
  />
</div>
`;
