// Jest Snapshot v1, https://goo.gl/fbAQLP

exports[`ProjectListItem.vue renders a snapshot 1`] = `
<div class="weni-project-list-item" owner="pwmer">
  <unnniccardproject-stub name="name" action-text="some specific text" statuses="[object Object],[object Object],[object Object]"><template></template></unnniccardproject-stub>
</div>
`;
