// Vitest Snapshot v1, https://vitest.dev/guide/snapshot.html

exports[`ProjectListItem.vue > renders a snapshot 1`] = `
<div
  class="weni-project-list-item"
  data-v-77d2ab83=""
  owner="pwmer"
>
  <unnniccardproject-stub
    actiontext="some specific text"
    data-v-77d2ab83=""
    name="name"
    statuses="[object Object],[object Object],[object Object]"
  >
    <template
      data-v-77d2ab83=""
    >
      <unnnicdropdownitem-stub
        data-v-77d2ab83=""
      >
        <unnniciconsvg-stub
          data-v-77d2ab83=""
          icon="settings"
          size="sm"
        />
         some specific text 
      </unnnicdropdownitem-stub>
      <unnnicdropdownitem-stub
        data-v-77d2ab83=""
      >
        <unnniciconsvg-stub
          data-v-77d2ab83=""
          icon="person"
          size="sm"
        />
         some specific text 
      </unnnicdropdownitem-stub>
      <unnnicdropdownitem-stub
        data-v-77d2ab83=""
      >
        <unnniciconsvg-stub
          data-v-77d2ab83=""
          icon="pencil-write-1"
          size="sm"
        />
         some specific text 
      </unnnicdropdownitem-stub>
    </template>
  </unnniccardproject-stub>
</div>
`;
