// Vitest Snapshot v1, https://vitest.dev/guide/snapshot.html

exports[`Emoji.vue > renders correctly 1`] = `
VueWrapper {
  "_emitted": {},
  "_emittedByOrder": [],
  "isFunctionalComponent": undefined,
}
`;

exports[`Emoji.vue renders correctly 1`] = `<img src="test-file-stub" title="Winking Face">`;
