// Vitest Snapshot v1, https://vitest.dev/guide/snapshot.html

exports[`Emote.vue > renders correctly 1`] = `
VueWrapper {
  "_emitted": {},
  "_emittedByOrder": [],
  "isFunctionalComponent": undefined,
}
`;

exports[`Emote.vue renders correctly 1`] = `<span class="weni-emote"><img src="test-file-stub"></span>`;
