// Vitest Snapshot v1, https://vitest.dev/guide/snapshot.html

exports[`BillingInvoices.vue > should be rendered properly 1`] = `
<div
  data-v-98b068ca=""
>
  <div
    class="loading"
    data-v-98b068ca=""
    style="display: none;"
  >
    <div
      class="filters"
      data-v-98b068ca=""
    >
      <unnnic-skeleton-loading-stub
        data-v-98b068ca=""
        height="2.375rem"
        style="max-width: 18rem;"
        tag="div"
      />
    </div>
    <div
      class="table-header"
      data-v-98b068ca=""
    >
      <unnnic-skeleton-loading-stub
        data-v-98b068ca=""
        height="2.875rem"
        tag="div"
      />
    </div>
  </div>
  <div
    class="filters"
    data-v-98b068ca=""
  >
    <div
      class="date-picker-label"
      data-v-98b068ca=""
    >
      Filter by
    </div>
    <unnnic-input-date-picker-stub
      actiontext="Filter"
      cleartext="Clear"
      data-v-98b068ca=""
      inputformat="MM/DD/YYYY"
      modelvalue="[object Object]"
      options="[object Object],[object Object],[object Object],[object Object],[object Object],[object Object]"
      size="sm"
    />
  </div>
  <unnnic-table-stub
    class="invoices-table"
    data-v-98b068ca=""
    items=""
  />
  <infinite-loading-stub
    data-v-98b068ca=""
    empty="true"
    hideerrorslot="true"
    loadingicon="false"
  />
</div>
`;
