// Vitest Snapshot v1, https://vitest.dev/guide/snapshot.html

exports[`BillingInvoices.vue > should be rendered properly 1`] = `
VueWrapper {
  "_emitted": {
    "hook:beforeCreate": [
      [],
    ],
    "hook:beforeMount": [
      [],
    ],
    "hook:created": [
      [],
    ],
    "hook:mounted": [
      [],
    ],
    "hook:renderTracked": [
      [],
      [],
      [],
      [],
      [],
      [],
      [],
      [],
    ],
  },
  "_emittedByOrder": [
    {
      "args": [],
      "name": "hook:beforeCreate",
    },
    {
      "args": [],
      "name": "hook:created",
    },
    {
      "args": [],
      "name": "hook:beforeMount",
    },
    {
      "args": [],
      "name": "hook:renderTracked",
    },
    {
      "args": [],
      "name": "hook:renderTracked",
    },
    {
      "args": [],
      "name": "hook:renderTracked",
    },
    {
      "args": [],
      "name": "hook:renderTracked",
    },
    {
      "args": [],
      "name": "hook:renderTracked",
    },
    {
      "args": [],
      "name": "hook:renderTracked",
    },
    {
      "args": [],
      "name": "hook:renderTracked",
    },
    {
      "args": [],
      "name": "hook:renderTracked",
    },
    {
      "args": [],
      "name": "hook:mounted",
    },
  ],
  "isFunctionalComponent": undefined,
}
`;

exports[`BillingInvoices.vue should be rendered properly 1`] = `
<div>
  <div class="loading" style="display: none;">
    <div class="filters">
      <unnnicskeletonloading-stub tag="div" height="2.375rem" style="max-width: 18rem;"></unnnicskeletonloading-stub>
    </div>
    <div class="table-header">
      <unnnicskeletonloading-stub tag="div" height="2.875rem"></unnnicskeletonloading-stub>
    </div>
  </div>
  <div class="filters">
    <div class="date-picker-label">
      some specific text
    </div>
    <unnnicinputdatepicker-stub size="sm" options="[object Object],[object Object],[object Object],[object Object],[object Object],[object Object]" months="some specific text" days="some specific text" inputformat="some specific text" cleartext="some specific text" actiontext="some specific text" value="[object Object]"></unnnicinputdatepicker-stub>
  </div>
  <unnnictable-stub items="" class="invoices-table">
    <unnnictablerow-stub headers="[object Object],[object Object],[object Object],[object Object],[object Object],[object Object]">
      <unnniccheckbox class="checkbox"></unnniccheckbox>
      <div style="display: flex; align-items: center;">
        <div class="break-text" style="flex: 1;">
          some specific text
        </div>
        <unnniciconsvg size="xs" icon="sort-default" scheme="neutral-clean" clickable=""></unnniciconsvg>
      </div>
      <div style="display: flex; align-items: center;">
        <div class="break-text" style="flex: 1;">
          some specific text
        </div>
        <unnniciconsvg size="xs" icon="sort-default" scheme="neutral-clean" clickable=""></unnniciconsvg>
      </div>
      <div style="display: flex; align-items: center;">
        <div class="break-text" style="flex: 1;">
          some specific text
        </div>
        <unnniciconsvg size="xs" icon="sort-default" scheme="neutral-clean" clickable=""></unnniciconsvg>
      </div>
      <div class="action">
        some specific text
      </div>
    </unnnictablerow-stub>
    <unnnictablerow-stub headers="[object Object],[object Object],[object Object],[object Object],[object Object],[object Object]"></unnnictablerow-stub>
  </unnnictable-stub>
  <infiniteloading-stub empty="true" hideerrorslot="true">
    <div class="loading">
      <div class="table-row">
        <unnnicskeletonloading-stub tag="div" height="2.25rem"></unnnicskeletonloading-stub>
      </div>
      <div class="table-row">
        <unnnicskeletonloading-stub tag="div" height="2.25rem"></unnnicskeletonloading-stub>
      </div>
      <div class="table-row">
        <unnnicskeletonloading-stub tag="div" height="2.25rem"></unnnicskeletonloading-stub>
      </div>
      <div class="table-row">
        <unnnicskeletonloading-stub tag="div" height="2.25rem"></unnnicskeletonloading-stub>
      </div>
    </div>
  </infiniteloading-stub>
</div>
`;
