// Vitest Snapshot v1, https://vitest.dev/guide/snapshot.html

exports[`Card.vue > renders a snapshot 1`] = `
<div
  class="billing-card billing-card--trial"
  data-v-eb7c1122=""
>
  <!--v-if-->
  <h1
    class="billing-card__title"
    data-v-eb7c1122=""
  >
    Trial
  </h1>
  <div
    class="description"
    data-v-eb7c1122=""
  >
    For those who want to make their calls even more amazing
  </div>
  <!--v-if-->
  <ul
    class="billing-list-beneficits"
    data-v-eb7c1122=""
  >
    
    <li
      class="billing-list-beneficits__item"
      data-v-eb7c1122=""
    >
      <unnnic-icon-svg-stub
        data-v-eb7c1122=""
        icon="check-2"
        scheme="auto"
        size="sm"
      />
      <span
        class="billing-list-beneficits__item__title"
        data-v-eb7c1122=""
      >
        GPT chat and other artificial intelligences
      </span>
    </li>
    <li
      class="billing-list-beneficits__item"
      data-v-eb7c1122=""
    >
      <unnnic-icon-svg-stub
        data-v-eb7c1122=""
        icon="check-2"
        scheme="auto"
        size="sm"
      />
      <span
        class="billing-list-beneficits__item__title"
        data-v-eb7c1122=""
      >
        WhatsApp Official
      </span>
    </li>
    <li
      class="billing-list-beneficits__item"
      data-v-eb7c1122=""
    >
      <unnnic-icon-svg-stub
        data-v-eb7c1122=""
        icon="check-2"
        scheme="auto"
        size="sm"
      />
      <span
        class="billing-list-beneficits__item__title"
        data-v-eb7c1122=""
      >
        More than 100 channels to connect
      </span>
    </li>
    
  </ul>
  <div
    class="billing-price footer"
    data-v-eb7c1122=""
  >
    <div
      data-v-eb7c1122=""
    >
      <span
        class="billing-price__currency"
        data-v-eb7c1122=""
      >
        R$ 
      </span>
      <span
        class="billing-price__price"
        data-v-eb7c1122=""
      >
        0
      </span>
    </div>
    <p
      class="billing-price__info"
      data-v-eb7c1122=""
    >
      up to 
      <span
        class="billing-price__info__hightlight"
        data-v-eb7c1122=""
      >
        <unnnic-tool-tip-stub
          data-v-eb7c1122=""
          enabled=""
          maxwidth="280px"
          side="bottom"
          text="The number of attendances indicates how many people have interacted with your projects."
        />
      </span>
    </p>
  </div>
  <div
    class="billing-buttons"
    data-v-eb7c1122=""
  >
    <div
      class="buttons"
      data-v-eb7c1122=""
    >
      <unnnic-button-stub
        class="select-plan-button"
        data-v-eb7c1122=""
        disabled="false"
        loading="false"
        type="primary"
      />
    </div>
  </div>
  <div
    class="show-more"
    data-v-eb7c1122=""
  >
    <unnnic-icon-stub
      data-v-eb7c1122=""
      icon="arrow-button-down-1"
      scheme="neutral-dark"
      size="xs"
    />
     See details
  </div>
  <!--v-if-->
  <!--v-if-->
  <!--v-if-->
</div>
`;
