// Vitest Snapshot v1, https://vitest.dev/guide/snapshot.html

exports[`FormCreditCard.vue > renders a snapshot 1`] = `
<div
  class="billing-add-credit-card"
  data-v-0a8f8dba=""
>
  <unnnicinput
    data-v-0a8f8dba=""
    label="some specific text"
    type="normal"
  />
  <unnnicinput
    data-v-0a8f8dba=""
    label="some specific text"
    placeholder="some specific text"
    type="normal"
  />
  <div
    class="billing-add-credit-card__bottom"
    data-v-0a8f8dba=""
  >
    <div
      data-v-0a8f8dba=""
    >
      <div
        class="label"
        data-v-0a8f8dba=""
      >
        <label
          data-v-0a8f8dba=""
          for="card-number"
        >
           some specific text 
        </label>
      </div>
      <div
        data-v-0a8f8dba=""
        id="card-number"
      />
    </div>
    <div
      data-v-0a8f8dba=""
    >
      <div
        class="label"
        data-v-0a8f8dba=""
      >
        <label
          data-v-0a8f8dba=""
          for="card-expiry"
        >
           some specific text 
        </label>
      </div>
      <div
        data-v-0a8f8dba=""
        id="card-expiry"
      />
    </div>
    <div
      data-v-0a8f8dba=""
    >
      <div
        class="label"
        data-v-0a8f8dba=""
      >
        <label
          data-v-0a8f8dba=""
          for="card-cvc"
        >
          some specific text
        </label>
      </div>
      <div
        data-v-0a8f8dba=""
        id="card-cvc"
      />
    </div>
  </div>
</div>
`;
