// Vitest Snapshot v1, https://vitest.dev/guide/snapshot.html

exports[`FormCreditCard.vue > renders a snapshot 1`] = `
VueWrapper {
  "_emitted": {},
  "_emittedByOrder": [],
  "isFunctionalComponent": undefined,
}
`;

exports[`FormCreditCard.vue renders a snapshot 1`] = `
<div class="billing-add-credit-card">
  <unnnicinput label="some specific text" type="normal"></unnnicinput>
  <unnnicinput label="some specific text" placeholder="some specific text" type="normal"></unnnicinput>
  <div class="billing-add-credit-card__bottom">
    <div>
      <div class="label"><label for="card-number">
          some specific text
        </label></div>
      <div id="card-number"></div>
    </div>
    <div>
      <div class="label"><label for="card-expiry">
          some specific text
        </label></div>
      <div id="card-expiry"></div>
    </div>
    <div>
      <div class="label"><label for="card-cvc">some specific text</label></div>
      <div id="card-cvc"></div>
    </div>
  </div>
</div>
`;
