// Vitest Snapshot v1, https://vitest.dev/guide/snapshot.html

exports[`FormAddress.vue > renders a snapshot 1`] = `
<div
  class="billing-address-form"
>
  <div
    class="billing-address-form__duplicated"
  >
    <unnnic-input-stub
      label="Zip Code"
    />
    <unnnic-form-element-stub
      label="Country"
    />
  </div>
  <div
    class="billing-address-form__duplicated"
  >
    <unnnic-form-element-stub
      label="State"
    />
    <unnnic-input-stub
      disabled="true"
      label="City"
      modelvalue="MCZ"
      placeholder="Select the state"
    />
  </div>
  <unnnic-input-stub
    label="Address"
    placeholder="Enter the full address"
  />
  <unnnic-input-stub
    label="Additional billing information (optional)"
    placeholder="Information such as company name, address extension..."
  />
</div>
`;
