// Vitest Snapshot v1, https://vitest.dev/guide/snapshot.html

exports[`Modal.vue > renders a snapshot 1`] = `
VueWrapper {
  "_emitted": {},
  "_emittedByOrder": [],
  "isFunctionalComponent": undefined,
}
`;

exports[`Modal.vue renders a snapshot 1`] = `
<div class="billing-modal" ranges="">
  <div class="billing-modal__content">
    <div class="container unnnic-grid-xl" style="padding: 0px;">
      <!---->
      <div class="close-button">
        <unnniciconsvg icon="close-1" size="md" clickable=""></unnniciconsvg>
      </div>
    </div>
  </div>
</div>
`;
